This file is intentionally left blank and should not contain environment-specific error output.
